Generated by HiviewDFX@OpenHarmony
================================================================
Device info:HUAWEI Pura 70
Build info:ADY-AL00 6.1.0.135(SP8C00E120R3P6)
DeviceDebuggable:No
Fingerprint:23e0a5d623b6ee51b154ec13d6fd6a46c3c199f54455d3400f0a4c2fe9ad693e
Module name:com.netease.cloudmusic.hm
ReleaseType:release
CpuAbi:arm64-v8a
Version:9.5.80
VersionCode:9050800
IsSystemApp:No
PreInstalled:No
Foreground:Yes
Page switch history:
  17:11:07.062 /ets/pages/Index:orpheus://nm/mainPage
  17:11:02.767 :enters foreground
Timestamp:2026-08-31 17:11:08.898
Pid:5106
Uid:20020371
Process name:com.netease.cloudmusic.hm
Process life time:9s
Process Memory(kB): 468897(Rss)
Device Memory(kB): Total 11861656, Free 517272, Available 2726912
Reason:Signal:SIGSEGV(SEGV_ACCERR)@0x0000005d4b2e5480
LastFatalMessage:Failed to unwind stack, try to get unreliable call stack from #01 by reparsing thread stack.
Fault thread info:
Tid:5106, Name:e.cloudmusic.hm
#00 pc 00000000008e2480 [anon:native_heap:jemalloc]
#01 pc 0000000000080214 /system/lib64/platformsdk/libace_napi.z.so(napi_delete_reference+68)(76bc1ed675edcc5f429a976d6c9b955d)
#02 pc 00000000001f8b78 /system/lib/ld-musl-aarch64.so.1(malloc+76)(8c2ca4e308a1de9ed1e6b4ccc14c7443)
#03 std::__n1::vector<std::__n1::shared_ptr<rnoh::GlobalJSIBinder>, std::__n1::allocator<std::__n1::shared_ptr<rnoh::GlobalJSIBinder>>>::__clear[abi:v15004]() at (ld-temp.o:0)
#04 rnoh::RNInstanceInternal::~RNInstanceInternal() at (??:0)
#05 rnoh::RNInstanceCAPI::~RNInstanceCAPI() at (??:0)
#06 pc 000000000001a328 /system/lib64/platformsdk/libuv.so(uv__multi_thread_check_unify+48)(dd4ce8a088606e6444f0dceac8540868)
#07 folly::detail::function::FunctionTraits<void ()>::uninitCall(folly::detail::function::Data&) at (??:0)
#08 pc 000000000001a328 /system/lib64/platformsdk/libuv.so(uv__multi_thread_check_unify+48)(dd4ce8a088606e6444f0dceac8540868)
#09 unsigned long folly::detail::function::DispatchBig::exec<ScrollLockerArkTSMessageHandler::handleArkTSMessage(rnoh::ArkTSMessageHandler::Context const&)::'lambda'()>(folly::detail::function::Op, folly::detail::function::Data*, folly::detail::function::Data*) at (??:0)
#10 unsigned long folly::detail::function::DispatchBig::exec<rnoh::EventLoopTaskRunner::runDelayedTask(folly::Function<void ()>&&, unsigned long, unsigned long)::$_1>(folly::detail::function::Op, folly::detail::function::Data*, folly::detail::function::Data*) at (ld-temp.o:0)
#11 void folly::detail::function::call_<rnoh::EventLoopTaskRunner::runDelayedTask(folly::Function<void ()>&&, unsigned long, unsigned long)::$_1, false, false, void>(folly::detail::function::Data&) at (ld-temp.o:0)
#12 pc 0000000000014d5c /system/lib64/platformsdk/libuv.so(uv__run_timers+320)(dd4ce8a088606e6444f0dceac8540868)
#13 pc 000000000001b728 /system/lib64/platformsdk/libuv.so(uv_run+700)(dd4ce8a088606e6444f0dceac8540868)
#14 pc 0000000000074890 /system/lib64/platformsdk/libruntime.z.so(OHOS::AbilityRuntime::OHOSLoopHandler::OnTriggered()+108)(874f2f9204b89ba1bed6494678bd1b35)
#15 pc 0000000000004784 /system/lib64/platformsdk/libhilog.so(HiLogIsLoggable+0)(c132dc3100dea359b43e16167550b8e8)
#16 pc 00000000001f8b78 /system/lib/ld-musl-aarch64.so.1(malloc+76)(8c2ca4e308a1de9ed1e6b4ccc14c7443)
#17 pc 00000000000ce388 /system/lib64/chipset-sdk-sp/libc++.so(std::__h::basic_string<char, std::__h::char_traits<char>, std::__h::allocator<char>>::operator=(std::__h::basic_string<char, std::__h::char_traits<char>, std::__h::allocator<char>> const&)+0)(f5cb5b97de4ebde633d700fc105f2d2c13a9bbc5)
#18 pc 00000000000cc548 /system/lib64/chipset-sdk-sp/libc++.so(std::__h::basic_string<char, std::__h::char_traits<char>, std::__h::allocator<char>>::basic_string(std::__h::basic_string<char, std::__h::char_traits<char>, std::__h::allocator<char>> const&)+0)(f5cb5b97de4ebde633d700fc105f2d2c13a9bbc5)
#19 pc 000000000001bea8 /system/lib64/libhilog_inner.so(OHOS::HiviewDFX::HiLogIsLoggableInner(unsigned int, char const*, LogLevel) (.cfi)+472)(463e30f705a4e726ebf24e0b66f7ffe2)
#20 pc 000000000001bdbc /system/lib64/libhilog_inner.so(OHOS::HiviewDFX::HiLogIsLoggableInner(unsigned int, char const*, LogLevel) (.cfi)+236)(463e30f705a4e726ebf24e0b66f7ffe2)
#21 pc 00000000001e5a9c /system/lib/ld-musl-aarch64.so.1(clock_gettime+52)(8c2ca4e308a1de9ed1e6b4ccc14c7443)
#22 pc 0000000000074b38 /system/lib64/platformsdk/libruntime.z.so(std::__h::__function::__func<OHOS::AbilityRuntime::OHOSLoopHandler::OnTriggered()::$_0, std::__h::allocator<OHOS::AbilityRuntime::OHOSLoopHandler::OnTriggered()::$_0>, void ()>::operator()()+56)(874f2f9204b89ba1bed6494678bd1b35)
#23 pc 00000000000261d0 /system/lib64/chipset-sdk-sp/libeventhandler.z.so(OHOS::AppExecFwk::(anonymous namespace)::EventRunnerImpl::ExecuteEventHandler(std::__h::unique_ptr<OHOS::AppExecFwk::InnerEvent, void (*)(OHOS::AppExecFwk::InnerEvent*)>&)+1824)(564abf6753d4cd4d8994667ad79bf3b6)
#24 pc 0000000000006184 /system/lib64/chipset-sdk-sp/libhitrace_meter.so(FinishTraceCwrapper+80)(d5f88326b5aac6d3133a915c826c83e4)
#25 pc 0000000000006184 /system/lib64/chipset-sdk-sp/libhitrace_meter.so(FinishTraceCwrapper+80)(d5f88326b5aac6d3133a915c826c83e4)
#26 pc 0000000000006134 /system/lib64/chipset-sdk-sp/libhitrace_meter.so(FinishTraceCwrapper+0)(d5f88326b5aac6d3133a915c826c83e4)
#27 pc 00000000000215b0 /system/lib64/chipset-sdk-sp/libeventhandler.z.so(OHOS::AppExecFwk::(anonymous namespace)::EventRunnerImpl::Run()+796)(564abf6753d4cd4d8994667ad79bf3b6)
#28 pc 000000000004a928 /system/lib64/chipset-sdk-sp/libeventhandler.z.so(OHOS::AppExecFwk::InnerEventPool::Drop(OHOS::AppExecFwk::InnerEvent*)+0)(564abf6753d4cd4d8994667ad79bf3b6)
#29 pc 0000000000006134 /system/lib64/chipset-sdk-sp/libhitrace_meter.so(FinishTraceCwrapper+0)(d5f88326b5aac6d3133a915c826c83e4)
#30 pc 000000000004a928 /system/lib64/chipset-sdk-sp/libeventhandler.z.so(OHOS::AppExecFwk::InnerEventPool::Drop(OHOS::AppExecFwk::InnerEvent*)+0)(564abf6753d4cd4d8994667ad79bf3b6)
#31 pc 00000000000418d4 /system/lib64/chipset-sdk-sp/libeventhandler.z.so(OHOS::AppExecFwk::EventRunner::Run()+400)(564abf6753d4cd4d8994667ad79bf3b6)
========SubmitterStacktrace========
#00 pc 00000000000147bc /system/lib64/platformsdk/libuv.so(uv_timer_start+616)(dd4ce8a088606e6444f0dceac8540868)
#01 rnoh::uv::Timer::Timer(uv_loop_s*, folly::Function<void ()>, unsigned long, unsigned long) at (??:0)
#02 rnoh::EventLoopTaskRunner::runDelayedTask(folly::Function<void ()>&&, unsigned long, unsigned long)::$_2::operator()() at (ld-temp.o:0)
#03 rnoh::EventLoopTaskRunner::runDelayedTask(folly::Function<void ()>&&, unsigned long, unsigned long) at (??:0)
#04 rnoh::TaskExecutor::runDelayedTask(rnoh::TaskThread, folly::Function<void ()>&&, unsigned long, unsigned long) at (??:0)
#05 ScrollLockerArkTSMessageHandler::handleArkTSMessage(rnoh::ArkTSMessageHandler::Context const&) at (ld-temp.o:0)
#06 rnoh::RNInstanceInternal::handleArkTSMessage(std::__n1::basic_string<char, std::__n1::char_traits<char>, std::__n1::allocator<char>> const&, folly::dynamic const&) at (??:0)
#07 std::__n1::__function::__func<onArkTSMessage(napi_env__*, napi_callback_info__*)::$_9, std::__n1::allocator<onArkTSMessage(napi_env__*, napi_callback_info__*)::$_9>, napi_value__* ()>::operator()() at (ld-temp.o:0)
#08 invoke(napi_env__*, std::__n1::function<napi_value__* ()>) at (??:0)
#09 onArkTSMessage(napi_env__*, napi_callback_info__*) at (ld-temp.o:0)
#10 pc 0000000000067c94 /system/lib64/platformsdk/libace_napi.z.so(panda::JSValueRef ArkNativeFunctionCallBack<true>(panda::JsiRuntimeCallInfo*)+292)(76bc1ed675edcc5f429a976d6c9b955d)
#11 pc 0000000000e179f8 /system/lib64/module/arkcompiler/stub.an(RTStub_PushCallArgsAndDispatchNative+44)
#12 pc 000000000046c010 /system/lib64/module/arkcompiler/stub.an(BCStub_HandleCallthis2Imm8V8V8V8StwCopy+436)
#13 at postMessageToCpp (entry|@rnoh/react-native-openharmony|0.82.23|src/main/ets/RNOH/NapiBridge.js:153:39)
#14 at postMessageToCpp (entry|@rnoh/react-native-openharmony|0.82.23|src/main/ets/RNOH/RNInstance.ts:681:25)
#15 at onViewAttached (entry|@react-native-oh-tpl/react-native-gesture-handler|2.30.1|src/main/ets/gesture-handlers/PanGestureHandler.ts:368:29)
