Generated by HiviewDFX@OpenHarmony
================================================================
Device info:HUAWEI Mate 70 Pro+
Build info:PLA-AL10 7.0.0.105(SP6C00E105R4P3)
DeviceDebuggable:No
Fingerprint:67178e7a03ecc9b794c950183f8e84eab3c25f5c476d1c253c1bfe108179e31c
Module name:com.netease.cloudmusic.hm
ReleaseType:release
CpuAbi:arm64-v8a
Version:9.5.80
VersionCode:9050800
IsSystemApp:No
PreInstalled:No
Foreground:Yes
Page switch history:
  17:21:22.133 :enters foreground
  17:18:35.922 :leaves foreground
  17:16:14.305 :enters foreground
  17:15:21.798 :leaves foreground
  17:14:49.520 :enters foreground
  17:14:48.108 :leaves foreground
  17:14:47.988 /ets/pages/Index:orpheus://nm/mainPage
  17:14:46.959 /ets/pages/Index:rnpage
  17:14:39.995 /ets/pages/Index:orpheus://nm/mainPage
  17:14:34.537 /ets/pages/Index:rnpage
Timestamp:2026-08-31 17:22:14.264
Pid:18295
Uid:20020305
Process name:com.netease.cloudmusic.hm
App running unique id:3113617956335358885
Process life time:518s
Process Memory(kB): 1180241(Rss)
Device Memory(kB): Total 16017840, Free 1108584, Available 2814976
Log source:processdump
Reason:Signal:SIGSEGV(SEGV_MAPERR)@0x005e1eb06cf04400
Fault thread info:
Tid:29275, Name:RNOH_JS
#00 facebook::jsi::Value::~Value() at (??:0)
#01 worklets::RetainingSerializable<worklets::SerializableWorklet>::~RetainingSerializable() at (ld-temp.o:0)
#02 worklets::RetainingSerializable<worklets::SerializableObject>::~RetainingSerializable() at (ld-temp.o:0)
#03 worklets::RetainingSerializable<worklets::SerializableWorklet>::~RetainingSerializable() at (ld-temp.o:0)
#04 worklets::RetainingSerializable<worklets::SerializableObject>::~RetainingSerializable() at (ld-temp.o:0)
#05 worklets::RetainingSerializable<worklets::SerializableWorklet>::~RetainingSerializable() at (ld-temp.o:0)
#06 worklets::RetainingSerializable<worklets::SerializableObject>::~RetainingSerializable() at (ld-temp.o:0)
#07 worklets::SerializableJSRef::~SerializableJSRef() at (??:0)
#08 facebook::hermes::deleteShared(hermes::vm::HadesGC&, hermes::vm::NativeState*) at (hermes.cpp:0)
#09 hermes::vm::HadesGC::finalizeAll() at (HadesGC.cpp:0)
#10 hermes::vm::Runtime::~Runtime() at (Runtime.cpp:0)
#11 std::__n1::__shared_ptr_pointer<hermes::vm::HeapRuntime<hermes::vm::Runtime>*, std::__n1::shared_ptr<hermes::vm::HeapRuntime<hermes::vm::Runtime>>::__shared_ptr_default_delete<hermes::vm::HeapRuntime<hermes::vm::Runtime>, hermes::vm::HeapRuntime<hermes::vm::Runtime>>, std::__n1::allocator<hermes::vm::HeapRuntime<hermes::vm::Runtime>>>::__on_zero_shared() at (Runtime.cpp:0)
#12 facebook::hermes::(anonymous namespace)::HermesRuntimeImpl::~HermesRuntimeImpl() at (hermes.cpp:0)
#13 facebook::hermes::(anonymous namespace)::HermesRuntimeImpl::~HermesRuntimeImpl() at (hermes.cpp:0)
#14 facebook::react::DecoratedRuntime::~DecoratedRuntime() at (ld-temp.o:0)
#15 facebook::react::DecoratedRuntime::~DecoratedRuntime() at (ld-temp.o:0)
#16 facebook::react::JSIRuntimeHolder::~JSIRuntimeHolder() at (ld-temp.o:0)
#17 facebook::react::ReactInstance::~ReactInstance() at (ld-temp.o:0)
#18 rnoh::RNInstanceInternal::~RNInstanceInternal() at (??:0)
#19 rnoh::RNInstanceCAPI::~RNInstanceCAPI() at (??:0)
#20 unsigned long folly::detail::function::DispatchSmall::exec<onDestroyRNInstance(napi_env__*, napi_callback_info__*)::$_5::operator()() const::'lambda'()::operator()()::'lambda'()>(folly::detail::function::Op, folly::detail::function::Data*, folly::detail::function::Data*) at (ld-temp.o:0)
#21 rnoh::EventLoopTaskRunner::executeTask() at (??:0)
#22 pc 000000000001bd10 /system/lib64/platformsdk/libuv.so(uv__async_io+536)(2f80c4c7008ea3d584b8f5d8a7da8774)
#23 pc 0000000000031d84 /system/lib64/platformsdk/libuv.so(uv__io_poll+1300)(2f80c4c7008ea3d584b8f5d8a7da8774)
#24 pc 000000000001ce68 /system/lib64/platformsdk/libuv.so(uv_run+1004)(2f80c4c7008ea3d584b8f5d8a7da8774)
#25 void* std::__n1::__thread_proxy[abi:v15004]<std::__n1::tuple<std::__n1::unique_ptr<std::__n1::__thread_struct, std::__n1::default_delete<std::__n1::__thread_struct>>, rnoh::ThreadTaskRunner::ThreadTaskRunner(std::__n1::basic_string<char, std::__n1::char_traits<char>, std::__n1::allocator<char>>, std::__n1::function<void (std::exception_ptr)>)::$_0>>(void*) at (ld-temp.o:0)
#26 pc 00000000001e3b68 /system/lib/ld-musl-aarch64.so.1(start+240)(ea15b39b4de0a4a2001767700c0ebe28)
