Generated by HiviewDFX@OpenHarmony
================================================================
Device info:HUAWEI Pura 70
Build info:ADY-AL10 6.1.0.135(SP8C00E120R5P6)
DeviceDebuggable:No
Fingerprint:71c27f5779274125d297110f5fc81510731409c78281901267aa6a4c91b43df8
Module name:com.netease.cloudmusic.hm
ReleaseType:release
CpuAbi:arm64-v8a
Version:9.5.80
VersionCode:9050800
IsSystemApp:No
PreInstalled:No
Foreground:Yes
Page switch history:
  17:15:04.199 :enters foreground
Timestamp:2026-08-31 17:15:31.456
Pid:17895
Uid:20020415
Process name:com.netease.cloudmusic.hm
Process life time:29s
Process Memory(kB): 622379(Rss)
Device Memory(kB): Total 11862472, Free 698448, Available 2046976
Reason:Signal:SIGSEGV(SEGV_MAPERR)@0xfffb800000002047
Fault thread info:
Tid:17895, Name:e.cloudmusic.hm
#00 facebook::jsi::String facebook::hermes::(anonymous namespace)::HermesRuntimeImpl::add<facebook::jsi::String>(hermes::vm::HermesValue) at (hermes.cpp:0)
#01 facebook::hermes::(anonymous namespace)::HermesRuntimeImpl::createStringFromAscii(char const*, unsigned long) at (hermes.cpp:0)
#02 std::__n1::__shared_ptr_emplace<ohvideo::VideoPlayerGlobalJSIBinder, std::__n1::allocator<ohvideo::VideoPlayerGlobalJSIBinder>>::__on_zero_shared() at (ld-temp.o:0)
#03 std::__n1::vector<std::__n1::shared_ptr<rnoh::GlobalJSIBinder>, std::__n1::allocator<std::__n1::shared_ptr<rnoh::GlobalJSIBinder>>>::__clear[abi:v15004]() at (ld-temp.o:0)
#04 rnoh::RNInstanceInternal::~RNInstanceInternal() at (??:0)
#05 rnoh::RNInstanceCAPI::~RNInstanceCAPI() at (??:0)
#06 unsigned long folly::detail::function::DispatchBig::exec<ScrollLockerArkTSMessageHandler::handleArkTSMessage(rnoh::ArkTSMessageHandler::Context const&)::'lambda'()>(folly::detail::function::Op, folly::detail::function::Data*, folly::detail::function::Data*) at (??:0)
#07 unsigned long folly::detail::function::DispatchBig::exec<rnoh::EventLoopTaskRunner::runDelayedTask(folly::Function<void ()>&&, unsigned long, unsigned long)::$_1>(folly::detail::function::Op, folly::detail::function::Data*, folly::detail::function::Data*) at (ld-temp.o:0)
#08 void folly::detail::function::call_<rnoh::EventLoopTaskRunner::runDelayedTask(folly::Function<void ()>&&, unsigned long, unsigned long)::$_1, false, false, void>(folly::detail::function::Data&) at (ld-temp.o:0)
#09 pc 0000000000014d58 /system/lib64/platformsdk/libuv.so(uv__run_timers+316)(dd4ce8a088606e6444f0dceac8540868)
#10 pc 000000000001b724 /system/lib64/platformsdk/libuv.so(uv_run+696)(dd4ce8a088606e6444f0dceac8540868)
#11 pc 000000000007488c /system/lib64/platformsdk/libruntime.z.so(OHOS::AbilityRuntime::OHOSLoopHandler::OnTriggered()+104)(874f2f9204b89ba1bed6494678bd1b35)
#12 pc 0000000000074b34 /system/lib64/platformsdk/libruntime.z.so(std::__h::__function::__func<OHOS::AbilityRuntime::OHOSLoopHandler::OnTriggered()::$_0, std::__h::allocator<OHOS::AbilityRuntime::OHOSLoopHandler::OnTriggered()::$_0>, void ()>::operator()()+52)(874f2f9204b89ba1bed6494678bd1b35)
#13 pc 00000000000261cc /system/lib64/chipset-sdk-sp/libeventhandler.z.so(OHOS::AppExecFwk::(anonymous namespace)::EventRunnerImpl::ExecuteEventHandler(std::__h::unique_ptr<OHOS::AppExecFwk::InnerEvent, void (*)(OHOS::AppExecFwk::InnerEvent*)>&)+1820)(564abf6753d4cd4d8994667ad79bf3b6)
#14 pc 00000000000215ac /system/lib64/chipset-sdk-sp/libeventhandler.z.so(OHOS::AppExecFwk::(anonymous namespace)::EventRunnerImpl::Run()+792)(564abf6753d4cd4d8994667ad79bf3b6)
#15 pc 00000000000418d0 /system/lib64/chipset-sdk-sp/libeventhandler.z.so(OHOS::AppExecFwk::EventRunner::Run()+396)(564abf6753d4cd4d8994667ad79bf3b6)
#16 pc 00000000000cddcc /system/lib64/platformsdk/libappkit_native.z.so(OHOS::AppExecFwk::MainThread::Start()+244)(fe9959e8719c0f2258c42aa554bcdae7)
#17 pc 000000000000aa98 /system/lib64/appspawn/appspawn/libappspawn_ace.z.so(RunChildProcessor(AppSpawnContent*, AppSpawnClient*)+792)(051adc38fbc9990432753ea061c668bf)
#18 pc 000000000000bc14 /system/bin/appspawn(AppSpawnChild+512)(ee507a4546e1c4af6ed21e38371d37ae)
#19 pc 0000000000017270 /system/bin/appspawn(ProcessSpawnReqMsg+3788)(ee507a4546e1c4af6ed21e38371d37ae)
#20 pc 0000000000014d74 /system/bin/appspawn(OnReceiveRequest+628)(ee507a4546e1c4af6ed21e38371d37ae)
#21 pc 0000000000017780 /system/lib64/chipset-sdk-sp/libbegetutil.z.so(HandleRecvMsg_+384)(859f0d14609dbb8ec14ee658ebb4e4e3)
#22 pc 0000000000017098 /system/lib64/chipset-sdk-sp/libbegetutil.z.so(HandleStreamEvent_+152)(859f0d14609dbb8ec14ee658ebb4e4e3)
#23 pc 0000000000014318 /system/lib64/chipset-sdk-sp/libbegetutil.z.so(ProcessEvent+600)(859f0d14609dbb8ec14ee658ebb4e4e3)
#24 pc 0000000000013ccc /system/lib64/chipset-sdk-sp/libbegetutil.z.so(RunLoop_.llvm.14825755453758172490+656)(859f0d14609dbb8ec14ee658ebb4e4e3)
#25 pc 000000000001194c /system/bin/appspawn(AppSpawnRun+212)(ee507a4546e1c4af6ed21e38371d37ae)
#26 pc 000000000000f510 /system/bin/appspawn(main+1148)(ee507a4546e1c4af6ed21e38371d37ae)
#27 pc 00000000000b41ec /system/lib/ld-musl-aarch64.so.1(libc_start_main_stage2+84)(8c2ca4e308a1de9ed1e6b4ccc14c7443)
========SubmitterStacktrace========
#00 pc 00000000000147bc /system/lib64/platformsdk/libuv.so(uv_timer_start+616)(dd4ce8a088606e6444f0dceac8540868)
#01 rnoh::uv::Timer::Timer(uv_loop_s*, folly::Function<void ()>, unsigned long, unsigned long) at (??:0)
#02 rnoh::EventLoopTaskRunner::runDelayedTask(folly::Function<void ()>&&, unsigned long, unsigned long)::$_2::operator()() at (ld-temp.o:0)
#03 rnoh::EventLoopTaskRunner::runDelayedTask(folly::Function<void ()>&&, unsigned long, unsigned long) at (??:0)
#04 rnoh::TaskExecutor::runDelayedTask(rnoh::TaskThread, folly::Function<void ()>&&, unsigned long, unsigned long) at (??:0)
#05 ScrollLockerArkTSMessageHandler::handleArkTSMessage(rnoh::ArkTSMessageHandler::Context const&) at (ld-temp.o:0)
#06 rnoh::RNInstanceInternal::handleArkTSMessage(std::__n1::basic_string<char, std::__n1::char_traits<char>, std::__n1::allocator<char>> const&, folly::dynamic const&) at (??:0)
#07 std::__n1::__function::__func<onArkTSMessage(napi_env__*, napi_callback_info__*)::$_9, std::__n1::allocator<onArkTSMessage(napi_env__*, napi_callback_info__*)::$_9>, napi_value__* ()>::operator()() at (ld-temp.o:0)
#08 invoke(napi_env__*, std::__n1::function<napi_value__* ()>) at (??:0)
#09 onArkTSMessage(napi_env__*, napi_callback_info__*) at (ld-temp.o:0)
#10 pc 0000000000067c94 /system/lib64/platformsdk/libace_napi.z.so(panda::JSValueRef ArkNativeFunctionCallBack<true>(panda::JsiRuntimeCallInfo*)+292)(76bc1ed675edcc5f429a976d6c9b955d)
#11 pc 0000000000e179f8 /system/lib64/module/arkcompiler/stub.an(RTStub_PushCallArgsAndDispatchNative+44)
#12 pc 000000000046c010 /system/lib64/module/arkcompiler/stub.an(BCStub_HandleCallthis2Imm8V8V8V8StwCopy+436)
#13 at postMessageToCpp (entry|@rnoh/react-native-openharmony|0.82.23|src/main/ets/RNOH/NapiBridge.js:153:39)
#14 at postMessageToCpp (entry|@rnoh/react-native-openharmony|0.82.23|src/main/ets/RNOH/RNInstance.ts:681:25)
#15 at onViewAttached (entry|@react-native-oh-tpl/react-native-gesture-handler|2.30.1|src/main/ets/gesture-handlers/PanGestureHandler.ts:368:29)
