Generated by HiviewDFX@OpenHarmony
================================================================
Device info:HUAWEI Pura 80
Build info:HED-AL00 7.0.0.105(SP6C00E105R8P3)
DeviceDebuggable:No
Fingerprint:cf35e3e7df0c98054dd5bb670bdf8055d0545fb0bc9c7dece532a6c28a40744e
Module name:com.netease.cloudmusic.hm
ReleaseType:release
CpuAbi:arm64-v8a
Version:9.5.80
VersionCode:9050800
IsSystemApp:No
PreInstalled:No
Foreground:Yes
Page switch history:
  17:11:38.991 /ets/pages/Index:rnpage
  17:11:38.128 /ets/pages/Index:orpheus://nm/artist/home
  17:11:30.674 /ets/pages/Index:rnpage
  17:11:27.600 /ets/pages/Index:orpheus://nm/mainPage
  17:11:25.273 /ets/pages/Index:recognitionMain
  17:10:49.037 /ets/pages/Index:orpheus://nm/mainPage
  17:10:43.599 /ets/pages/Index:orpheus://nm/internal/globalLayer
  17:10:42.163 :enters foreground
  17:07:57.229 :leaves foreground
  17:07:56.196 /ets/pages/Index:orpheus://nm/mainPage
Timestamp:2026-08-31 17:13:44.758
Pid:29340
Uid:20020302
Process name:com.netease.cloudmusic.hm
App running unique id:15460756620489730197
Process life time:521s
Process Memory(kB): 1205739(Rss)
Device Memory(kB): Total 11920248, Free 1265016, Available 3526656
Log source:processdump
Reason:Signal:SIGSEGV(SEGV_MAPERR)@0x006bf248ee368351
Fault thread info:
Tid:29340, Name:e.cloudmusic.hm
#00 folly::dynamic::hash() const at (??:0)
#01 std::__n1::pair<std::__n1::__hash_iterator<std::__n1::__hash_node<std::__n1::__hash_value_type<folly::dynamic, folly::dynamic>, void*>*>, bool> std::__n1::__hash_table<std::__n1::__hash_value_type<folly::dynamic, folly::dynamic>, std::__n1::__unordered_map_hasher<folly::dynamic, std::__n1::__hash_value_type<folly::dynamic, folly::dynamic>, folly::detail::DynamicHasher, folly::detail::DynamicKeyEqual, true>, std::__n1::__unordered_map_equal<folly::dynamic, std::__n1::__hash_value_type<folly::dynamic, folly::dynamic>, folly::detail::DynamicKeyEqual, folly::detail::DynamicHasher, true>, std::__n1::allocator<std::__n1::__hash_value_type<folly::dynamic, folly::dynamic>>>::__emplace_unique_key_args<folly::dynamic, std::__n1::pair<folly::dynamic const, folly::dynamic> const&>(folly::dynamic const&, std::__n1::pair<folly::dynamic const, folly::dynamic> const&) at (ld-temp.o:0)
#02 folly::dynamic::dynamic(folly::dynamic const&) at (??:0)
#03 std::__n1::vector<folly::dynamic, std::__n1::allocator<folly::dynamic>>::vector(std::__n1::vector<folly::dynamic, std::__n1::allocator<folly::dynamic>> const&) at (ld-temp.o:0)
#04 std::__n1::pair<std::__n1::__hash_iterator<std::__n1::__hash_node<std::__n1::__hash_value_type<folly::dynamic, folly::dynamic>, void*>*>, bool> std::__n1::__hash_table<std::__n1::__hash_value_type<folly::dynamic, folly::dynamic>, std::__n1::__unordered_map_hasher<folly::dynamic, std::__n1::__hash_value_type<folly::dynamic, folly::dynamic>, folly::detail::DynamicHasher, folly::detail::DynamicKeyEqual, true>, std::__n1::__unordered_map_equal<folly::dynamic, std::__n1::__hash_value_type<folly::dynamic, folly::dynamic>, folly::detail::DynamicKeyEqual, folly::detail::DynamicHasher, true>, std::__n1::allocator<std::__n1::__hash_value_type<folly::dynamic, folly::dynamic>>>::__emplace_unique_key_args<folly::dynamic, std::__n1::pair<folly::dynamic const, folly::dynamic> const&>(folly::dynamic const&, std::__n1::pair<folly::dynamic const, folly::dynamic> const&) at (ld-temp.o:0)
#05 folly::dynamic::dynamic(folly::dynamic const&) at (??:0)
#06 facebook::react::ShadowNode::clone(facebook::react::ShadowNodeFragment const&) const at (??:0)
#07 facebook::react::YogaLayoutableShadowNode::cloneChildInPlace(unsigned long) at (??:0)
#08 facebook::react::YogaLayoutableShadowNode::configureYogaTree(float, YGErrata, bool) at (??:0)
#09 facebook::react::YogaLayoutableShadowNode::configureYogaTree(float, YGErrata, bool) at (??:0)
#10 facebook::react::YogaLayoutableShadowNode::configureYogaTree(float, YGErrata, bool) at (??:0)
#11 facebook::react::YogaLayoutableShadowNode::configureYogaTree(float, YGErrata, bool) at (??:0)
#12 facebook::react::YogaLayoutableShadowNode::configureYogaTree(float, YGErrata, bool) at (??:0)
#13 facebook::react::YogaLayoutableShadowNode::configureYogaTree(float, YGErrata, bool) at (??:0)
#14 facebook::react::YogaLayoutableShadowNode::configureYogaTree(float, YGErrata, bool) at (??:0)
#15 facebook::react::YogaLayoutableShadowNode::configureYogaTree(float, YGErrata, bool) at (??:0)
#16 facebook::react::YogaLayoutableShadowNode::configureYogaTree(float, YGErrata, bool) at (??:0)
#17 facebook::react::YogaLayoutableShadowNode::configureYogaTree(float, YGErrata, bool) at (??:0)
#18 facebook::react::YogaLayoutableShadowNode::configureYogaTree(float, YGErrata, bool) at (??:0)
#19 facebook::react::YogaLayoutableShadowNode::configureYogaTree(float, YGErrata, bool) at (??:0)
#20 facebook::react::YogaLayoutableShadowNode::configureYogaTree(float, YGErrata, bool) at (??:0)
#21 facebook::react::YogaLayoutableShadowNode::configureYogaTree(float, YGErrata, bool) at (??:0)
#22 facebook::react::YogaLayoutableShadowNode::configureYogaTree(float, YGErrata, bool) at (??:0)
#23 facebook::react::YogaLayoutableShadowNode::layoutTree(facebook::react::LayoutContext, facebook::react::LayoutConstraints) at (??:0)
#24 facebook::react::RootShadowNode::layoutIfNeeded(std::__n1::vector<facebook::react::LayoutableShadowNode const*, std::__n1::allocator<facebook::react::LayoutableShadowNode const*>>*) at (??:0)
#25 facebook::react::ShadowTree::tryCommit(std::__n1::function<std::__n1::shared_ptr<facebook::react::RootShadowNode> (facebook::react::RootShadowNode const&)> const&, facebook::react::ShadowTreeCommitOptions const&) const at (??:0)
#26 facebook::react::ShadowTree::commit(std::__n1::function<std::__n1::shared_ptr<facebook::react::RootShadowNode> (facebook::react::RootShadowNode const&)> const&, facebook::react::ShadowTreeCommitOptions const&) const at (??:0)
#27 std::__n1::__function::__func<reanimated::ReanimatedModuleProxy::commitUpdates(facebook::jsi::Runtime&, std::__n1::vector<std::__n1::pair<std::__n1::shared_ptr<facebook::react::ShadowNode const>, folly::dynamic>, std::__n1::allocator<std::__n1::pair<std::__n1::shared_ptr<facebook::react::ShadowNode const>, folly::dynamic>>> const&)::$_15, std::__n1::allocator<reanimated::ReanimatedModuleProxy::commitUpdates(facebook::jsi::Runtime&, std::__n1::vector<std::__n1::pair<std::__n1::shared_ptr<facebook::react::ShadowNode const>, folly::dynamic>, std::__n1::allocator<std::__n1::pair<std::__n1::shared_ptr<facebook::react::ShadowNode const>, folly::dynamic>>> const&)::$_15>, void (facebook::react::ShadowTree const&)>::operator()(facebook::react::ShadowTree const&) at (ld-temp.o:0)
#28 facebook::react::ShadowTreeRegistry::visit(int, std::__n1::function<void (facebook::react::ShadowTree const&)> const&) const at (??:0)
#29 reanimated::ReanimatedModuleProxy::commitUpdates(facebook::jsi::Runtime&, std::__n1::vector<std::__n1::pair<std::__n1::shared_ptr<facebook::react::ShadowNode const>, folly::dynamic>, std::__n1::allocator<std::__n1::pair<std::__n1::shared_ptr<facebook::react::ShadowNode const>, folly::dynamic>>> const&) at (??:0)
#30 reanimated::ReanimatedModuleProxy::performOperations(bool) at (??:0)
#31 std::__n1::__function::__func<rnoh::ReanimatedModule::installTurboModule(facebook::jsi::Runtime&)::$_11, std::__n1::allocator<rnoh::ReanimatedModule::installTurboModule(facebook::jsi::Runtime&)::$_11>, void ()>::operator()() at (ld-temp.o:0)
#32 std::__n1::__function::__func<std::__n1::function<facebook::jsi::Value (facebook::jsi::Runtime&, facebook::jsi::Value const&, facebook::jsi::Value const*, unsigned long)> worklets::jsi_utils::createHostFunction<std::__n1::function<void ()>>(std::__n1::function<void ()>)::'lambda'(facebook::jsi::Runtime&, facebook::jsi::Value const&, facebook::jsi::Value const*, unsigned long), std::__n1::allocator<std::__n1::function<facebook::jsi::Value (facebook::jsi::Runtime&, facebook::jsi::Value const&, facebook::jsi::Value const*, unsigned long)> worklets::jsi_utils::createHostFunction<std::__n1::function<void ()>>(std::__n1::function<void ()>)::'lambda'(facebook::jsi::Runtime&, facebook::jsi::Value const&, facebook::jsi::Value const*, unsigned long)>, facebook::jsi::Value (facebook::jsi::Runtime&, facebook::jsi::Value const&, facebook::jsi::Value const*, unsigned long)>::operator()(facebook::jsi::Runtime&, facebook::jsi::Value const&, facebook::jsi::Value const*&&, unsigned long&&) at (ld-temp.o:0)
#33 std::__n1::__function::__func<facebook::jsi::DecoratedHostFunction, std::__n1::allocator<facebook::jsi::DecoratedHostFunction>, facebook::jsi::Value (facebook::jsi::Runtime&, facebook::jsi::Value const&, facebook::jsi::Value const*, unsigned long)>::operator()(facebook::jsi::Runtime&, facebook::jsi::Value const&, facebook::jsi::Value const*&&, unsigned long&&) at (ld-temp.o:0)
#34 std::__n1::__function::__func<facebook::jsi::DecoratedHostFunction, std::__n1::allocator<facebook::jsi::DecoratedHostFunction>, facebook::jsi::Value (facebook::jsi::Runtime&, facebook::jsi::Value const&, facebook::jsi::Value const*, unsigned long)>::operator()(facebook::jsi::Runtime&, facebook::jsi::Value const&, facebook::jsi::Value const*&&, unsigned long&&) at (ld-temp.o:0)
#35 facebook::hermes::(anonymous namespace)::HermesRuntimeImpl::HFContext::func(void*, hermes::vm::Runtime&, hermes::vm::NativeArgs) at (hermes.cpp:0)
#36 hermes::vm::NativeFunction::_nativeCall(hermes::vm::NativeFunction*, hermes::vm::Runtime&) at (Callable.cpp:0)
#37 hermes::vm::CallResult<hermes::vm::HermesValue, (hermes::vm::detail::CallResultSpecialize)2> hermes::vm::Interpreter::interpretFunction<false, false>(hermes::vm::Runtime&, hermes::vm::InterpreterState&) at (Interpreter.cpp:0)
#38 hermes::vm::Runtime::interpretFunctionImpl(hermes::vm::CodeBlock*) at (Interpreter.cpp:0)
#39 hermes::vm::JSFunction::_callImpl(hermes::vm::Handle<hermes::vm::Callable>, hermes::vm::Runtime&) at (Callable.cpp:0)
#40 hermes::vm::Callable::executeCall3(hermes::vm::Handle<hermes::vm::Callable>, hermes::vm::Runtime&, hermes::vm::Handle<hermes::vm::HermesValue>, hermes::vm::HermesValue, hermes::vm::HermesValue, hermes::vm::HermesValue, bool) at (Callable.cpp:0)
#41 hermes::vm::arrayPrototypeForEach(void*, hermes::vm::Runtime&, hermes::vm::NativeArgs) at (Array.cpp:0)
#42 hermes::vm::NativeFunction::_nativeCall(hermes::vm::NativeFunction*, hermes::vm::Runtime&) at (Callable.cpp:0)
#43 hermes::vm::CallResult<hermes::vm::HermesValue, (hermes::vm::detail::CallResultSpecialize)2> hermes::vm::Interpreter::interpretFunction<false, false>(hermes::vm::Runtime&, hermes::vm::InterpreterState&) at (Interpreter.cpp:0)
#44 hermes::vm::Runtime::interpretFunctionImpl(hermes::vm::CodeBlock*) at (Interpreter.cpp:0)
#45 hermes::vm::JSFunction::_callImpl(hermes::vm::Handle<hermes::vm::Callable>, hermes::vm::Runtime&) at (Callable.cpp:0)
#46 hermes::vm::BoundFunction::_boundCall(hermes::vm::BoundFunction*, hermes::inst::Inst const*, hermes::vm::Runtime&) at (Callable.cpp:0)
#47 hermes::vm::CallResult<hermes::vm::HermesValue, (hermes::vm::detail::CallResultSpecialize)2> hermes::vm::Interpreter::interpretFunction<false, false>(hermes::vm::Runtime&, hermes::vm::InterpreterState&) at (Interpreter.cpp:0)
#48 hermes::vm::Runtime::interpretFunctionImpl(hermes::vm::CodeBlock*) at (Interpreter.cpp:0)
#49 hermes::vm::JSFunction::_callImpl(hermes::vm::Handle<hermes::vm::Callable>, hermes::vm::Runtime&) at (Callable.cpp:0)
#50 hermes::vm::BoundFunction::_boundCall(hermes::vm::BoundFunction*, hermes::inst::Inst const*, hermes::vm::Runtime&) at (Callable.cpp:0)
#51 facebook::hermes::(anonymous namespace)::HermesRuntimeImpl::call(facebook::jsi::Function const&, facebook::jsi::Value const&, facebook::jsi::Value const*, unsigned long) at (hermes.cpp:0)
#52 facebook::jsi::WithRuntimeDecorator<worklets::AroundLock, facebook::jsi::Runtime, facebook::jsi::Runtime>::call(facebook::jsi::Function const&, facebook::jsi::Value const&, facebook::jsi::Value const*, unsigned long) at (ld-temp.o:0)
#53 facebook::jsi::Value worklets::WorkletRuntime::runSync<>(std::__n1::shared_ptr<worklets::SerializableWorklet> const&) const at (ld-temp.o:0)
#54 std::__n1::__function::__func<worklets::scheduleOnUI(std::__n1::shared_ptr<worklets::UIScheduler> const&, std::__n1::weak_ptr<worklets::WorkletRuntime> const&, facebook::jsi::Runtime&, facebook::jsi::Value const&)::'lambda'(), std::__n1::allocator<worklets::scheduleOnUI(std::__n1::shared_ptr<worklets::UIScheduler> const&, std::__n1::weak_ptr<worklets::WorkletRuntime> const&, facebook::jsi::Runtime&, facebook::jsi::Value const&)::'lambda'()>, void ()>::operator()() at (ld-temp.o:0)
#55 worklets::UIScheduler::triggerUI() at (??:0)
#56 void folly::detail::function::call_<rnoh::WorkletsUIScheduler::scheduleOnUI(std::__n1::function<void ()>)::$_0, true, false, void>(folly::detail::function::Data&) at (ld-temp.o:0)
#57 rnoh::EventLoopTaskRunner::executeTask() at (??:0)
#58 rnoh::NapiTaskRunner::executeTask() at (??:0)
#59 pc 000000000001bd10 /system/lib64/platformsdk/libuv.so(uv__async_io+536)(2f80c4c7008ea3d584b8f5d8a7da8774)
#60 pc 0000000000031d84 /system/lib64/platformsdk/libuv.so(uv__io_poll+1300)(2f80c4c7008ea3d584b8f5d8a7da8774)
#61 pc 000000000001ce68 /system/lib64/platformsdk/libuv.so(uv_run+1004)(2f80c4c7008ea3d584b8f5d8a7da8774)
#62 pc 000000000007b1d0 /system/lib64/platformsdk/libruntime.z.so(OHOS::AbilityRuntime::OHOSLoopHandler::OnTriggered()+104)(4d78551ee7d6f5e1501bbaa75079032b)
#63 pc 000000000003985c /system/lib64/chipset-sdk-sp/libeventhandler.z.so(5c64b004820f84eacd0f4cbad3d8b411)
#64 pc 000000000001a214 /system/lib64/chipset-sdk-sp/libeventhandler.z.so(OHOS::AppExecFwk::(anonymous namespace)::EventRunnerImpl::Run()+2492)(5c64b004820f84eacd0f4cbad3d8b411)
#65 pc 0000000000045240 /system/lib64/chipset-sdk-sp/libeventhandler.z.so(OHOS::AppExecFwk::EventRunner::Run()+380)(5c64b004820f84eacd0f4cbad3d8b411)
#66 pc 00000000000dfe74 /system/lib64/platformsdk/libappkit_native.z.so(OHOS::AppExecFwk::MainThread::Start()+312)(8e591cb4e9dc5f1173a156469a34fc8e)
#67 pc 000000000000b6d0 /system/lib64/appspawn/appspawn/libappspawn_ace.z.so(RunChildProcessor(AppSpawnContent*, AppSpawnClient*)+800)(ae5145b8da9ee4fef4d9bd69a3174170)
#68 pc 000000000000d55c /system/bin/appspawn(AppSpawnChild+512)(91b763e5073bd919a27317b67dd2079d)
#69 pc 000000000001bbfc /system/bin/appspawn(ProcessPreFork+3268)(91b763e5073bd919a27317b67dd2079d)
#70 pc 000000000001a84c /system/bin/appspawn(ProcessSpawnReqMsg+2488)(91b763e5073bd919a27317b67dd2079d)
#71 pc 00000000000175ac /system/bin/appspawn(OnReceiveRequest+652)(91b763e5073bd919a27317b67dd2079d)
#72 pc 0000000000017ba4 /system/lib64/chipset-sdk-sp/libbegetutil.z.so(HandleRecvMsg_+384)(5b2402a63e8adb85f9ad0545e955514a)
#73 pc 00000000000174bc /system/lib64/chipset-sdk-sp/libbegetutil.z.so(HandleStreamEvent_+152)(5b2402a63e8adb85f9ad0545e955514a)
#74 pc 00000000000146a4 /system/lib64/chipset-sdk-sp/libbegetutil.z.so(ProcessEvent+604)(5b2402a63e8adb85f9ad0545e955514a)
#75 pc 000000000001408c /system/lib64/chipset-sdk-sp/libbegetutil.z.so(RunLoop_.llvm.8785826597942003330+680)(5b2402a63e8adb85f9ad0545e955514a)
#76 pc 0000000000013fac /system/bin/appspawn(AppSpawnRun+216)(91b763e5073bd919a27317b67dd2079d)
#77 pc 0000000000011504 /system/bin/appspawn(main+1092)(91b763e5073bd919a27317b67dd2079d)
#78 pc 00000000000b59ec /system/lib/ld-musl-aarch64.so.1(libc_start_main_stage2+84)(ea15b39b4de0a4a2001767700c0ebe28)
