Generated by HiviewDFX@OpenHarmony
================================================================
Device info:HUAWEI Mate 60 Pro
Build info:ALN-AL00 6.1.0.135(SP8C00E120R4P11)
DeviceDebuggable:No
Fingerprint:ff299089378a51c76b8c3550d005c7fc200ee01025161bb47f203a2b9dc1e393
Module name:com.netease.cloudmusic.hm
ReleaseType:release
CpuAbi:arm64-v8a
Version:9.5.80
VersionCode:9050800
IsSystemApp:No
PreInstalled:No
Foreground:Yes
Page switch history:
  17:00:19.522 /ets/pages/Index:orpheus://nm/mainPage
  17:00:07.163 :enters foreground
Timestamp:2026-08-31 17:00:21.314
Pid:62377
Uid:20020306
Process name:com.netease.cloudmusic.hm
Process life time:18s
Process Memory(kB): 627113(Rss)
Device Memory(kB): Total 11861920, Free 651832, Available 2284544
Reason:Signal:SIGSEGV(SEGV_MAPERR)@0x000080002000000b
Fault thread info:
Tid:62377, Name:e.cloudmusic.hm
#00 hermes::vm::JSObject::getComputedPrimitiveDescriptor(hermes::vm::Handle<hermes::vm::JSObject>, hermes::vm::Runtime&, hermes::vm::Handle<hermes::vm::HermesValue>, hermes::vm::MutableHandle<hermes::vm::JSObject>&, hermes::vm::MutableHandle<hermes::vm::SymbolID>&, hermes::vm::ComputedPropertyDescriptor&) at (JSObject.cpp:0)
#01 hermes::vm::JSObject::putComputedWithReceiver_RJS(hermes::vm::Handle<hermes::vm::JSObject>, hermes::vm::Runtime&, hermes::vm::Handle<hermes::vm::HermesValue>, hermes::vm::Handle<hermes::vm::HermesValue>, hermes::vm::Handle<hermes::vm::HermesValue>, hermes::vm::PropOpFlags) at (JSObject.cpp:0)
#02 facebook::hermes::(anonymous namespace)::HermesRuntimeImpl::setPropertyValue(facebook::jsi::Object const&, facebook::jsi::String const&, facebook::jsi::Value const&) at (hermes.cpp:0)
#03 pc 0000000001cbb1fc [anon:native_heap:jemalloc]
========SubmitterStacktrace========
#00 pc 00000000000147bc /system/lib64/platformsdk/libuv.so(uv_timer_start+616)(dd4ce8a088606e6444f0dceac8540868)
#01 rnoh::uv::Timer::Timer(uv_loop_s*, folly::Function<void ()>, unsigned long, unsigned long) at (??:0)
#02 rnoh::EventLoopTaskRunner::runDelayedTask(folly::Function<void ()>&&, unsigned long, unsigned long)::$_2::operator()() at (ld-temp.o:0)
#03 rnoh::EventLoopTaskRunner::runDelayedTask(folly::Function<void ()>&&, unsigned long, unsigned long) at (??:0)
#04 rnoh::TaskExecutor::runDelayedTask(rnoh::TaskThread, folly::Function<void ()>&&, unsigned long, unsigned long) at (??:0)
#05 ScrollLockerArkTSMessageHandler::handleArkTSMessage(rnoh::ArkTSMessageHandler::Context const&) at (ld-temp.o:0)
#06 rnoh::RNInstanceInternal::handleArkTSMessage(std::__n1::basic_string<char, std::__n1::char_traits<char>, std::__n1::allocator<char>> const&, folly::dynamic const&) at (??:0)
#07 std::__n1::__function::__func<onArkTSMessage(napi_env__*, napi_callback_info__*)::$_9, std::__n1::allocator<onArkTSMessage(napi_env__*, napi_callback_info__*)::$_9>, napi_value__* ()>::operator()() at (ld-temp.o:0)
#08 invoke(napi_env__*, std::__n1::function<napi_value__* ()>) at (??:0)
#09 onArkTSMessage(napi_env__*, napi_callback_info__*) at (ld-temp.o:0)
#10 pc 0000000000067c94 /system/lib64/platformsdk/libace_napi.z.so(panda::JSValueRef ArkNativeFunctionCallBack<true>(panda::JsiRuntimeCallInfo*)+292)(76bc1ed675edcc5f429a976d6c9b955d)
#11 pc 0000000000e179f8 /system/lib64/module/arkcompiler/stub.an(RTStub_PushCallArgsAndDispatchNative+44)
#12 pc 000000000046c010 /system/lib64/module/arkcompiler/stub.an(BCStub_HandleCallthis2Imm8V8V8V8StwCopy+436)
#13 at postMessageToCpp (entry|@rnoh/react-native-openharmony|0.82.23|src/main/ets/RNOH/NapiBridge.js:153:39)
#14 at postMessageToCpp (entry|@rnoh/react-native-openharmony|0.82.23|src/main/ets/RNOH/RNInstance.ts:681:25)
#15 at onViewAttached (entry|@react-native-oh-tpl/react-native-gesture-handler|2.30.1|src/main/ets/gesture-handlers/PanGestureHandler.ts:368:29)
