Generated by HiviewDFX@OpenHarmony
================================================================
Device info:HUAWEI Mate 80 Pro Max
Build info:SGT-AL10 7.0.0.102(SP8C00E102R5P3)
DeviceDebuggable:No
Fingerprint:cc19edd7acab3eb2b7a3dffd1a3ca437050da94bfaa2e5994836e3f72cdf75fc
Module name:com.netease.cloudmusic.hm
ReleaseType:release
CpuAbi:arm64-v8a
Version:9.5.80
VersionCode:9050800
IsSystemApp:No
PreInstalled:No
Foreground:Yes
Page switch history:
  17:15:30.887 /ets/pages/Index:orpheus://nm/artist/home
  17:15:28.041 /ets/pages/Index:rnpage
  17:15:19.710 /ets/pages/Index:orpheus://nm/mainPage
  17:15:16.812 :enters foreground
  17:14:15.562 :leaves foreground
  17:14:10.926 /ets/pages/Index:rnpage
  17:14:06.655 /ets/pages/Index:orpheus://nm/mainPage
  17:14:04.985 /ets/pages/Index:rnpage
  17:13:42.520 :enters foreground
  17:12:31.288 :leaves foreground
Timestamp:2026-08-31 17:15:32.330
Pid:62140
Uid:20020303
Process name:com.netease.cloudmusic.hm
App running unique id:3013378583463931047
Process life time:334s
Process Memory(kB): 830869(Rss)
Device Memory(kB): Total 16004752, Free 1296760, Available 5176320
Log source:processdump
Reason:Signal:SIGSEGV(SEGV_MAPERR)@000000000000000000  probably caused by NULL pointer dereference
Fault thread info:
Tid:62140, Name:e.cloudmusic.hm
#00 rnoh::TouchTarget::computeChildPoint(facebook::react::Point const&, std::__n1::shared_ptr<rnoh::TouchTarget> const&) const at (??:0)
#01 rnoh::RNGestureHandlerRootViewComponentInstance::findTargetForTouchPoint(facebook::react::Point const&, std::__n1::shared_ptr<rnoh::TouchTarget> const&) at (??:0)
#02 rnoh::RNGestureHandlerRootViewComponentInstance::findTargetForTouchPoint(facebook::react::Point const&, std::__n1::shared_ptr<rnoh::TouchTarget> const&) at (??:0)
#03 rnoh::RNGestureHandlerRootViewComponentInstance::findTargetForTouchPoint(facebook::react::Point const&, std::__n1::shared_ptr<rnoh::TouchTarget> const&) at (??:0)
#04 rnoh::RNGestureHandlerRootViewComponentInstance::findTargetForTouchPoint(facebook::react::Point const&, std::__n1::shared_ptr<rnoh::TouchTarget> const&) at (??:0)
#05 rnoh::RNGestureHandlerRootViewComponentInstance::findTargetForTouchPoint(facebook::react::Point const&, std::__n1::shared_ptr<rnoh::TouchTarget> const&) at (??:0)
#06 rnoh::RNGestureHandlerRootViewComponentInstance::findTouchableViews(float, float) at (??:0)
#07 rnoh::RNGestureHandlerRootViewComponentInstance::RNGestureHandlerRootViewTouchHandler::onTouchEvent(ArkUI_UIInputEvent*) at (??:0)
#08 rnoh::receiveEvent(ArkUI_NodeEvent*) (.1327) at (ld-temp.o:0)
#09 pc 00000000000bc174 /system/lib64/libace_ndk.z.so(OHOS::Ace::NodeModel::HandleInnerNodeEvent(ArkUINodeEvent*)+2480)(66f83599d4eb9114489cffae84407341)
#10 pc 0000000000e562c8 /system/lib64/platformsdk/libace_compatible.z.so(bf6122b5c9f18c5309c7960423801524)
#11 pc 0000000000ae0208 /system/lib64/platformsdk/libace_compatible.z.so(OHOS::Ace::NG::TouchEventActuator::TriggerTouchCallBack(OHOS::Ace::TouchEvent const&)+25768)(bf6122b5c9f18c5309c7960423801524)
#12 pc 0000000000ac7910 /system/lib64/platformsdk/libace_compatible.z.so(OHOS::Ace::EventManager::DispatchTouchEvent(OHOS::Ace::TouchEvent const&, bool)+2616)(bf6122b5c9f18c5309c7960423801524)
#13 pc 0000000000e042c8 /system/lib64/platformsdk/libace_compatible.z.so(OHOS::Ace::NG::PipelineContext::OnTouchEvent(OHOS::Ace::TouchEvent const&, OHOS::Ace::RefPtr<OHOS::Ace::NG::FrameNode> const&, bool)+6624)(bf6122b5c9f18c5309c7960423801524)
#14 pc 0000000000e02238 /system/lib64/platformsdk/libace_compatible.z.so(bf6122b5c9f18c5309c7960423801524)
#15 pc 0000000000e7c428 /system/lib64/platformsdk/libace_compatible.z.so(bf6122b5c9f18c5309c7960423801524)
#16 pc 0000000000e7b49c /system/lib64/platformsdk/libace_compatible.z.so(OHOS::Ace::UIContentImpl::ProcessPointerEvent(std::__h::shared_ptr<OHOS::MMI::PointerEvent> const&)+492)(bf6122b5c9f18c5309c7960423801524)
#17 pc 00000000002212f8 /system/lib64/libwm.z.so(OHOS::Rosen::WindowSessionImpl::NotifyPointerEvent(std::__h::shared_ptr<OHOS::MMI::PointerEvent> const&)+1456)(5d8c157627d91917b4e07030e1385dbc)
#18 pc 00000000001e4adc /system/lib64/libwm.z.so(OHOS::Rosen::WindowSceneSessionImpl::ConsumePointerEventInner(std::__h::shared_ptr<OHOS::MMI::PointerEvent> const&, OHOS::MMI::PointerEvent::PointerItem&, bool)+1784)(5d8c157627d91917b4e07030e1385dbc)
#19 pc 000000000019e3b4 /system/lib64/libwm.z.so(OHOS::Rosen::WindowSceneSessionImpl::ConsumePointerEvent(std::__h::shared_ptr<OHOS::MMI::PointerEvent> const&)+1512)(5d8c157627d91917b4e07030e1385dbc)
#20 pc 00000000000cd41c /system/lib64/libwm.z.so(OHOS::Rosen::InputEventListener::HandleInputEvent(std::__h::shared_ptr<OHOS::MMI::PointerEvent>) const+2880)(5d8c157627d91917b4e07030e1385dbc)
#21 pc 00000000000cdee0 /system/lib64/libwm.z.so(OHOS::Rosen::InputEventListener::OnInputEvent(std::__h::shared_ptr<OHOS::MMI::PointerEvent>) const+356)(5d8c157627d91917b4e07030e1385dbc)
#22 pc 00000000000d0484 /system/lib64/platformsdk/libmmi-client.z.so(OHOS::MMI::InputManagerImpl::OnPointerEvent(std::__h::shared_ptr<OHOS::MMI::PointerEvent>)+2808)(4ee79ff7647170de7a15deaf932e6a13)
#23 pc 00000000000b0820 /system/lib64/platformsdk/libmmi-client.z.so(OHOS::MMI::ClientMsgHandler::OnPointerEvent(OHOS::MMI::UDSClient const&, OHOS::MMI::NetPacket&)+1760)(4ee79ff7647170de7a15deaf932e6a13)
#24 pc 00000000000aec14 /system/lib64/platformsdk/libmmi-client.z.so(OHOS::MMI::ClientMsgHandler::OnMsgHandler(OHOS::MMI::UDSClient const&, OHOS::MMI::NetPacket&)+788)(4ee79ff7647170de7a15deaf932e6a13)
#25 pc 0000000000069c5c /system/lib64/platformsdk/libmmi-util.z.so(OHOS::MMI::UDSSocket::OnReadPackets(OHOS::MMI::CircleStreamBuffer&, std::__h::function<void (OHOS::MMI::NetPacket&)>)+332)(87d9dce3a34216027424be474b6ff6ce)
#26 pc 0000000000101a2c /system/lib64/platformsdk/libmmi-client.z.so(OHOS::MMI::MMIClient::OnRecvMsg(char const*, unsigned long)+348)(4ee79ff7647170de7a15deaf932e6a13)
#27 pc 00000000001038fc /system/lib64/platformsdk/libmmi-client.z.so(OHOS::MMI::MMIFdListener::OnReadable(int)+148)(4ee79ff7647170de7a15deaf932e6a13)
#28 pc 00000000000356cc /system/lib64/chipset-sdk-sp/libeventhandler.z.so(std::__h::__function::__func<OHOS::AppExecFwk::DeamonIoWaiter::HandleFileDescriptorEvent(int, unsigned int)::$_0, std::__h::allocator<OHOS::AppExecFwk::DeamonIoWaiter::HandleFileDescriptorEvent(int, unsigned int)::$_0>, void ()>::operator()()+152)(28fbaed3616ddf3cebd64c6514253f5a)
#29 pc 000000000001a214 /system/lib64/chipset-sdk-sp/libeventhandler.z.so(OHOS::AppExecFwk::(anonymous namespace)::EventRunnerImpl::Run()+2492)(28fbaed3616ddf3cebd64c6514253f5a)
#30 pc 0000000000045240 /system/lib64/chipset-sdk-sp/libeventhandler.z.so(OHOS::AppExecFwk::EventRunner::Run()+380)(28fbaed3616ddf3cebd64c6514253f5a)
#31 pc 00000000000dffc8 /system/lib64/platformsdk/libappkit_native.z.so(OHOS::AppExecFwk::MainThread::Start()+312)(0cc9a8b5881bb5070d97b0ccbc077f63)
#32 pc 000000000000b6d0 /system/lib64/appspawn/appspawn/libappspawn_ace.z.so(RunChildProcessor(AppSpawnContent*, AppSpawnClient*)+800)(af7df791fd8417f7c8a8e0507e1d0609)
#33 pc 000000000000d55c /system/bin/appspawn(AppSpawnChild+512)(292df1bb22653601efb21807441cff3b)
#34 pc 000000000001bbfc /system/bin/appspawn(ProcessPreFork+3268)(292df1bb22653601efb21807441cff3b)
#35 pc 000000000001a84c /system/bin/appspawn(ProcessSpawnReqMsg+2488)(292df1bb22653601efb21807441cff3b)
#36 pc 00000000000175ac /system/bin/appspawn(OnReceiveRequest+652)(292df1bb22653601efb21807441cff3b)
#37 pc 0000000000017b34 /system/lib64/chipset-sdk-sp/libbegetutil.z.so(HandleRecvMsg_+384)(24398945a8bab21c9ca8c1ea41cb5d07)
#38 pc 000000000001744c /system/lib64/chipset-sdk-sp/libbegetutil.z.so(HandleStreamEvent_+152)(24398945a8bab21c9ca8c1ea41cb5d07)
#39 pc 0000000000014634 /system/lib64/chipset-sdk-sp/libbegetutil.z.so(ProcessEvent+604)(24398945a8bab21c9ca8c1ea41cb5d07)
#40 pc 000000000001401c /system/lib64/chipset-sdk-sp/libbegetutil.z.so(RunLoop_.llvm.8785826597942003330+680)(24398945a8bab21c9ca8c1ea41cb5d07)
#41 pc 0000000000013fac /system/bin/appspawn(AppSpawnRun+216)(292df1bb22653601efb21807441cff3b)
#42 pc 0000000000011504 /system/bin/appspawn(main+1092)(292df1bb22653601efb21807441cff3b)
#43 pc 00000000000b59ac /system/lib/ld-musl-aarch64.so.1(libc_start_main_stage2+84)(9767aad1adf231b6d420305d3fdf2529)
