Generated by HiviewDFX@OpenHarmony
================================================================
Device info:HUAWEI Mate 70 Pro+
Build info:PLA-AL10 7.0.0.105(SP6C00E105R7P3)
DeviceDebuggable:No
Fingerprint:88c8358e11f95be8dc7f0094ef7ff083ee814ba3722ada5da8d813b4d0448bbc
Module name:com.netease.cloudmusic.hm
ReleaseType:release
CpuAbi:arm64-v8a
Version:9.5.80
VersionCode:9050800
IsSystemApp:No
PreInstalled:No
Foreground:Yes
Page switch history:
  17:37:47.570 :enters foreground
  17:37:46.410 :leaves foreground
  17:37:45.306 :enters foreground
Timestamp:2026-08-31 17:39:08.577
Pid:14237
Uid:20020373
Process name:com.netease.cloudmusic.hm
App running unique id:10362546205768707516
Process life time:86s
Process Memory(kB): 1010667(Rss)
Device Memory(kB): Total 16017844, Free 1023340, Available 4527104
Log source:processdump
Reason:Signal:SIGSEGV(SEGV_MAPERR)@0x0000000000000188  probably caused by NULL pointer dereference
Fault thread info:
Tid:16483, Name:RNOH_JS
#00 worklets::WorkletsModule::getWorkletsModuleProxy() at (??:0)
#01 rnoh::ReanimatedModule::installTurboModule(facebook::jsi::Runtime&) at (??:0)
#02 rnoh::installTurboModule(facebook::jsi::Runtime&, facebook::react::TurboModule&, facebook::jsi::Value const*, unsigned long) at (??:0)
#03 std::__n1::__function::__func<facebook::jsi::DecoratedHostFunction, std::__n1::allocator<facebook::jsi::DecoratedHostFunction>, facebook::jsi::Value (facebook::jsi::Runtime&, facebook::jsi::Value const&, facebook::jsi::Value const*, unsigned long)>::operator()(facebook::jsi::Runtime&, facebook::jsi::Value const&, facebook::jsi::Value const*&&, unsigned long&&) at (ld-temp.o:0)
#04 facebook::hermes::(anonymous namespace)::HermesRuntimeImpl::HFContext::func(void*, hermes::vm::Runtime&, hermes::vm::NativeArgs) at (hermes.cpp:0)
#05 hermes::vm::NativeFunction::_nativeCall(hermes::vm::NativeFunction*, hermes::vm::Runtime&) at (Callable.cpp:0)
#06 hermes::vm::CallResult<hermes::vm::HermesValue, (hermes::vm::detail::CallResultSpecialize)2> hermes::vm::Interpreter::interpretFunction<false, false>(hermes::vm::Runtime&, hermes::vm::InterpreterState&) at (Interpreter.cpp:0)
#07 hermes::vm::Runtime::interpretFunctionImpl(hermes::vm::CodeBlock*) at (Interpreter.cpp:0)
#08 hermes::vm::Runtime::runBytecode(std::__n1::shared_ptr<hermes::hbc::BCProviderBase>&&, hermes::vm::RuntimeModuleFlags, llvh::StringRef, hermes::vm::Handle<hermes::vm::Environment>, hermes::vm::Handle<hermes::vm::HermesValue>) at (Runtime.cpp:0)
#09 facebook::hermes::(anonymous namespace)::HermesRuntimeImpl::evaluatePreparedJavaScript(std::__n1::shared_ptr<facebook::jsi::PreparedJavaScript const> const&) at (hermes.cpp:0)
#10 facebook::hermes::(anonymous namespace)::HermesRuntimeImpl::evaluateJavaScriptWithSourceMap(std::__n1::shared_ptr<facebook::jsi::Buffer const> const&, std::__n1::shared_ptr<facebook::jsi::Buffer const> const&, std::__n1::basic_string<char, std::__n1::char_traits<char>, std::__n1::allocator<char>> const&) at (hermes.cpp:0)
#11 facebook::hermes::(anonymous namespace)::HermesRuntimeImpl::evaluateJavaScript(std::__n1::shared_ptr<facebook::jsi::Buffer const> const&, std::__n1::basic_string<char, std::__n1::char_traits<char>, std::__n1::allocator<char>> const&) at (hermes.cpp:0)
#12 std::__n1::__function::__func<facebook::react::ReactInstance::loadScript(std::__n1::unique_ptr<facebook::react::JSBigString const, std::__n1::default_delete<facebook::react::JSBigString const>>, std::__n1::basic_string<char, std::__n1::char_traits<char>, std::__n1::allocator<char>> const&, std::__n1::function<void (facebook::jsi::Runtime&)>&&, std::__n1::function<void (facebook::jsi::Runtime&)>&&)::$_9, std::__n1::allocator<facebook::react::ReactInstance::loadScript(std::__n1::unique_ptr<facebook::react::JSBigString const, std::__n1::default_delete<facebook::react::JSBigString const>>, std::__n1::basic_string<char, std::__n1::char_traits<char>, std::__n1::allocator<char>> const&, std::__n1::function<void (facebook::jsi::Runtime&)>&&, std::__n1::function<void (facebook::jsi::Runtime&)>&&)::$_9>, void (facebook::jsi::Runtime&)>::operator()(facebook::jsi::Runtime&) at (ld-temp.o:0)
#13 facebook::react::Task::execute(facebook::jsi::Runtime&, bool) at (??:0)
#14 facebook::react::RuntimeScheduler_Modern::executeTask(facebook::jsi::Runtime&, facebook::react::Task&, bool) const at (??:0)
#15 facebook::react::RuntimeScheduler_Modern::runEventLoopTick(facebook::jsi::Runtime&, facebook::react::Task&) at (??:0)
#16 facebook::react::RuntimeScheduler_Modern::runEventLoop(facebook::jsi::Runtime&) at (??:0)
#17 std::__n1::__function::__func<auto facebook::react::ReactInstance::ReactInstance(std::__n1::unique_ptr<facebook::react::JSRuntime, std::__n1::default_delete<facebook::react::JSRuntime>>, std::__n1::shared_ptr<facebook::react::MessageQueueThread>, std::__n1::shared_ptr<facebook::react::TimerManager>, std::__n1::function<void (facebook::jsi::Runtime&, facebook::react::JsErrorHandler::ProcessedError const&)>, facebook::react::jsinspector_modern::HostTarget*)::$_0::operator()<std::__n1::function<void (facebook::jsi::Runtime&)>>(std::__n1::function<void (facebook::jsi::Runtime&)>) const::'lambda'(), std::__n1::allocator<auto facebook::react::ReactInstance::ReactInstance(std::__n1::unique_ptr<facebook::react::JSRuntime, std::__n1::default_delete<facebook::react::JSRuntime>>, std::__n1::shared_ptr<facebook::react::MessageQueueThread>, std::__n1::shared_ptr<facebook::react::TimerManager>, std::__n1::function<void (facebook::jsi::Runtime&, facebook::react::JsErrorHandler::ProcessedError const&)>, facebook::react::jsinspector_modern::HostTarget*)::$_0::operator()<std::__n1::function<void (facebook::jsi::Runtime&)>>(std::__n1::function<void (facebook::jsi::Runtime&)>) const::'lambda'()>, void ()>::operator()() at (ld-temp.o:0)
#18 rnoh::EventLoopTaskRunner::executeTask() at (??:0)
#19 pc 000000000001bd10 /system/lib64/platformsdk/libuv.so(uv__async_io+536)(2f80c4c7008ea3d584b8f5d8a7da8774)
#20 pc 0000000000031d84 /system/lib64/platformsdk/libuv.so(uv__io_poll+1300)(2f80c4c7008ea3d584b8f5d8a7da8774)
#21 pc 000000000001ce68 /system/lib64/platformsdk/libuv.so(uv_run+1004)(2f80c4c7008ea3d584b8f5d8a7da8774)
#22 void* std::__n1::__thread_proxy[abi:v15004]<std::__n1::tuple<std::__n1::unique_ptr<std::__n1::__thread_struct, std::__n1::default_delete<std::__n1::__thread_struct>>, rnoh::ThreadTaskRunner::ThreadTaskRunner(std::__n1::basic_string<char, std::__n1::char_traits<char>, std::__n1::allocator<char>>, std::__n1::function<void (std::exception_ptr)>)::$_0>>(void*) at (ld-temp.o:0)
#23 pc 00000000001e3b68 /system/lib/ld-musl-aarch64.so.1(start+240)(ea15b39b4de0a4a2001767700c0ebe28)
